Γû▓ Next.js 16.1.6 (Turbopack)
- Environments: .env

  Creating an optimized production build ...
node.exe : Error: 
Cannot apply unknown 
utility class 
`glass-panel`
At line:1 char:1
+ & "C:\Program Files
\nodejs/node.exe" 
"C:\Program 
Files\nodejs/node_mo 
...
+ ~~~~~~~~~~~~~~~~~~~
~~~~~~~~~~~~~~~~~~~~~
~~~~~~~~~~~~~~~~~~~~~
~~~~~~~~
    + CategoryInfo   
           : NotSpe  
  cified: (Error:    
 Cannot a...s `gl    
ass-panel`:Strin    
g) [], RemoteExc    
eption
    + FullyQualified 
   ErrorId : Native  
  CommandError
 
    [2m[at 
onInvalidCandidate (D
:\NextJs\doctor\node_
modules\tailwindcss\d
ist\lib.js:21:1511)]
[0m
    [2m[at Te (D:\Ne
xtJs\doctor\node_modu
les\tailwindcss\dist\
lib.js:16:36326)][0m
    [2m[at D:\NextJs
\doctor\node_modules\
tailwindcss\dist\lib.
js:21:355][0m
    [2m[at Rr (D:\Ne
xtJs\doctor\node_modu
les\tailwindcss\dist\
lib.js:3:1718)][0m
    [2m[at _ (D:\Nex
tJs\doctor\node_modul
es\tailwindcss\dist\l
ib.js:3:1377)][0m
    [2m[at $e (D:\Ne
xtJs\doctor\node_modu
les\tailwindcss\dist\
lib.js:21:172)][0m
    [2m[at un (D:\Ne
xtJs\doctor\node_modu
les\tailwindcss\dist\
lib.js:38:294)][0m
    [2m[at async cn 
(D:\NextJs\doctor\nod
e_modules\tailwindcss
\dist\lib.js:38:631)]
[0m
    [2m[at async Xr 
(D:\NextJs\doctor\nod
e_modules\@tailwindcs
s\node\dist\index.js:
10:3417)][0m
    [2m[at async I (
D:\NextJs\doctor\node
_modules\@tailwindcss
\postcss\dist\index.j
s:10:3977)][0m

> Build error 
occurred
Error: Turbopack 
build failed with 1 
errors:
./src/app/globals.css
Error evaluating 
Node.js code
CssSyntaxError: 
tailwindcss: D:\NextJ
s\doctor\src\app\glob
als.css:1:1: Cannot 
apply unknown 
utility class 
`glass-panel`
    at Input.error (n
ode_modules/postcss/l
ib/input.js:135:16) [
D:\NextJs\doctor\.nex
t\build\chunks\node_m
odules_fe693df6._.js:
4651:22]
    at Root.error (no
de_modules/postcss/li
b/node.js:146:32) [D:
\NextJs\doctor\.next\
build\chunks\node_mod
ules_fe693df6._.js:92
8:38]
    [at Object.Once (
D:\NextJs\doctor\node
_modules\@tailwindcss
\postcss\dist\index.j
s:10:6911)]
    at async 
LazyResult.runAsync (
node_modules/postcss/
lib/lazy-result.js:29
3:11) [D:\NextJs\doct
or\.next\build\chunks
\node_modules_fe693df
6._.js:6206:21]
    at async 
transform (turbopack:
///[turbopack-node]/t
ransforms/postcss.ts:
70:34) [D:\NextJs\doc
tor\.next\build\chunk
s\[root-of-the-server
]__51225daf._.js:146:
36]
    at async run (tur
bopack:///[turbopack-
node]/ipc/evaluate.ts
:92:23) [D:\NextJs\do
ctor\.next\build\chun
ks\[root-of-the-serve
r]__974941ed._.js:443
:31]

Import trace:
  Client Component 
Browser:
    ./src/app/globals
.css [Client 
Component Browser]
    
./src/app/layout.tsx 
[Server Component]


    at async 
transform (turbopack:
///[turbopack-node]/t
ransforms/postcss.ts:
70:34) [D:\NextJs\doc
tor\.next\build\chunk
s\[root-of-the-server
]__51225daf._.js:146:
36])
    at async run (tur
bopack:///[turbopack-
node]/ipc/evaluate.ts
:92:23) [D:\NextJs\do
ctor\.next\build\chun
ks\[root-of-the-serve
r]__974941ed._.js:443
:31])
