.next/dev/types/validator.ts(189,31): error TS2344: Type 'typeof import("D:/NextJs/doctor/src/app/api/clinics/[id]/route")' does not satisfy the constraint 'RouteHandlerConfig<"/api/clinics/[id]">'.
  Types of property 'PUT' are incompatible.
    Type '(req: Request, { params }: { params: { id: string; }; }) => Promise<NextResponse<{ error: string; }> | NextResponse<{ clinic: { admin_id: number; clinic_id: number; clinic_name: string | null; phone: string | null; status: ClinicStatus | null; location: string | null; }; }>>' is not assignable to type '(request: NextRequest, context: { params: Promise<{ id: string; }>; }) => void | Response | Promise<void | Response>'.
      Types of parameters '__1' and 'context' are incompatible.
        Type '{ params: Promise<{ id: string; }>; }' is not assignable to type '{ params: { id: string; }; }'.
          Types of property 'params' are incompatible.
            Property 'id' is missing in type 'Promise<{ id: string; }>' but required in type '{ id: string; }'.
.next/types/validator.ts(189,31): error TS2344: Type 'typeof import("D:/NextJs/doctor/src/app/api/clinics/[id]/route")' does not satisfy the constraint 'RouteHandlerConfig<"/api/clinics/[id]">'.
  Types of property 'PUT' are incompatible.
    Type '(req: Request, { params }: { params: { id: string; }; }) => Promise<NextResponse<{ error: string; }> | NextResponse<{ clinic: { admin_id: number; clinic_id: number; clinic_name: string | null; phone: string | null; status: ClinicStatus | null; location: string | null; }; }>>' is not assignable to type '(request: NextRequest, context: { params: Promise<{ id: string; }>; }) => void | Response | Promise<void | Response>'.
      Types of parameters '__1' and 'context' are incompatible.
        Type '{ params: Promise<{ id: string; }>; }' is not assignable to type '{ params: { id: string; }; }'.
          Types of property 'params' are incompatible.
            Property 'id' is missing in type 'Promise<{ id: string; }>' but required in type '{ id: string; }'.
